*** MPP for '/home/federico/TORSO-MPP/data/sb301' ******************************
in: Read DICOMs                     | 09/04/26 (15:36:39.219)   at   federico@cdt-vm:216511 (GLNXA64)

................................................................................

setting DICOMS_DIR to: /home/federico/TORSO-MPP/data/sb301/DICOMS
gathering DICOMS from '/home/federico/TORSO-MPP/data/sb301/DICOMS'...
gathering DICOMS ...
Reading directory '/home/federico/TORSO-MPP/data/sb301/DICOMS'... ...Done
Inspecting files...   ...Done
#Original files: 315   -   #DICOM files: 315   -   #DICOMDIR files: 0
Pre sorting files:    315 of    315 items   -   #Invalid files: 0  ...Done
   315 of    315 items ...Done
Grouping... ...Done
Done

loading DATA ...
collecting POSITIONS in ORIENTATION  Patient_SCD0000301.Study_u01.Serie_N001.Orientation_01  ...done
collecting POSITIONS in ORIENTATION  Patient_SCD0000301.Study_u01.Serie_N001.Orientation_02  ...done
collecting POSITIONS in ORIENTATION  Patient_SCD0000301.Study_u01.Serie_N001.Orientation_03  ...done
collect ORIENTATIONS in SERIE  Patient_SCD0000301.Study_u01.Serie_N001  ...done
collecting IMAGES within POSITION  Patient_SCD0000301.Study_u01.Serie_N005.Orientation_01.Position_001  ...done
collecting IMAGES within POSITION  Patient_SCD0000301.Study_u01.Serie_N005.Orientation_01.Position_002  ...done
collecting IMAGES within POSITION  Patient_SCD0000301.Study_u01.Serie_N005.Orientation_01.Position_003  ...done
collecting IMAGES within POSITION  Patient_SCD0000301.Study_u01.Serie_N005.Orientation_01.Position_004  ...done
collecting IMAGES within POSITION  Patient_SCD0000301.Study_u01.Serie_N005.Orientation_01.Position_005  ...done
collecting IMAGES within POSITION  Patient_SCD0000301.Study_u01.Serie_N005.Orientation_01.Position_006  ...done
collecting IMAGES within POSITION  Patient_SCD0000301.Study_u01.Serie_N005.Orientation_01.Position_007  ...done
collecting IMAGES within POSITION  Patient_SCD0000301.Study_u01.Serie_N005.Orientation_01.Position_008  ...done
collecting IMAGES within POSITION  Patient_SCD0000301.Study_u01.Serie_N005.Orientation_01.Position_009  ...done
collecting IMAGES within POSITION  Patient_SCD0000301.Study_u01.Serie_N005.Orientation_01.Position_010  ...done
collecting POSITIONS in ORIENTATION  Patient_SCD0000301.Study_u01.Serie_N005.Orientation_01  ...done
collecting IMAGES within POSITION  Patient_SCD0000301.Study_u01.Serie_N008.Orientation_01.Position_001  ...done
collecting IMAGES within POSITION  Patient_SCD0000301.Study_u01.Serie_N008.Orientation_01.Position_002  ...done
collecting IMAGES within POSITION  Patient_SCD0000301.Study_u01.Serie_N008.Orientation_01.Position_003  ...done
collecting POSITIONS in ORIENTATION  Patient_SCD0000301.Study_u01.Serie_N008.Orientation_01  ...done
collecting IMAGES within POSITION  Patient_SCD0000301.Study_u01.Serie_N009.Orientation_01.Position_001  ...done
collecting IMAGES within POSITION  Patient_SCD0000301.Study_u01.Serie_N009.Orientation_01.Position_002  ...done
collecting POSITIONS in ORIENTATION  Patient_SCD0000301.Study_u01.Serie_N009.Orientation_01  ...done
Done

saving variables:  'DICOMs'    in file "/home/federico/TORSO-MPP/data/sb301/mpp/DICOMs" ... OK.



*** ellapsed time:  50.874556 seconds
*** DONE : 'Read DICOMs'  | 09/04/26 (15:37:30.114)   at   federico@cdt-vm:216511 (GLNXA64)

+++ MPP for '/home/federico/TORSO-MPP/data/sb301' ++++++++++++++++++++++++++++++
--------------------------------------------------------------------------------


*** MPP for '/home/federico/TORSO-MPP/data/sb301' ******************************
in: Subject Data                    | 09/04/26 (15:37:31.341)   at   federico@cdt-vm:216511 (GLNXA64)

................................................................................

Loading   'DICOMs'  from "/home/federico/TORSO-MPP/data/sb301/mpp/DICOMs" ... OK.
AccessionNumber:                         ''
AcquisitionDate:                         '20120000'
AcquisitionNumber:                       1
AngioFlag:                               'N'
BitDepth:                                uint16(16)
BitsAllocated:                           uint16(16)
BitsStored:                              uint16(16)
ColorType:                               'grayscale'
Columns:                                 uint16(256)
ContentDate:                             '20120000'
DeviceSerialNumber:                      '48OwLe2NUfWk'
EchoNumbers:                             1
EchoTrainLength:                         1
FileMetaInformationVersion:              uint8([0;1])
Format:                                  'DICOM'
FormatVersion:                           3
Height:                                  uint16(256)
HighBit:                                 uint16(15)
ImageType:                               'ORIGINAL\PRIMARY\OTHER'
ImagedNucleus:                           '1H'
ImplementationClassUID:                  '2.16.124.113543.6006.99.8188283439478048534'
ImplementationVersionName:               'OSIRIX'
InversionTime:                           0
Laterality:                              ''
MRAcquisitionType:                       '2D'
MagneticFieldStrength:                   1.5
Manufacturer:                            'GE MEDICAL SYSTEMS'
ManufacturerModelName:                   'SIGNA HDx'
MediaStorageSOPClassUID:                 '1.2.840.10008.5.1.4.1.1.4'
Modality:                                'MR'
NumberOfAverages:                        1
PatientBirthDate:                        '00000000'
PatientID:                               'SCD0000301'
PatientName:                             struct('FamilyName','SCD0000301')
PatientPosition:                         'HFS'
PatientSex:                              ''
PerFrameFunctionalGroupsSequence:        struct('Item_1',[])
PercentSampling:                         100
PhotometricInterpretation:               'MONOCHROME2'
PixelBandwidth:                          976.562
PixelRepresentation:                     uint16(1)
PositionReferenceIndicator:              ''
ReceiveCoilName:                         '8CARDIAC'
ReferencedPatientSequence:               struct('Item_1',struct('ReferencedSOPClassUID','1.2.840.10008.3.1.2.1.1','ReferencedSOPInstanceUID','2.16.124.113543.6006.99.7285946453226469426'))
ReferencedPerformedProcedureStepSequence: struct('Item_1',struct('ReferencedSOPClassUID','1.2.840.10008.3.1.2.3.3','ReferencedSOPInstanceUID','2.16.124.113543.6006.99.7301083864069674581'))
ReferencedStudySequence:                 struct('Item_1',struct('ReferencedSOPClassUID','1.2.840.10008.3.1.2.3.1','ReferencedSOPInstanceUID','2.16.124.113543.6006.99.7283654773471951120'))
Rows:                                    uint16(256)
SOPClassUID:                             '1.2.840.10008.5.1.4.1.1.4'
SamplesPerPixel:                         uint16(1)
ScanningSequence:                        'GR'
SequenceVariant:                         'SS'
SeriesDate:                              '20120000'
SeriesInstanceUID:                       '2.16.124.113543.6006.99.7284556102389855923'
SliceThickness:                          8
SmallestImagePixelValue:                 uint16(0)
SoftwareVersions:                        '14\LX\MR Software release:14.0_M4_0629.a'
SourceApplicationEntityTitle:            ''
SpecificCharacterSet:                    'ISO_IR 100'
StudyDate:                               '20120000'
StudyDescription:                        'SC-HF-I-4'
StudyID:                                 ''
StudyInstanceUID:                        '2.16.124.113543.6006.99.7287180431222654512'
StudyPriorityID:                         'LOW'
StudyStatusID:                           'COMPLETED'
StudyTime:                               '081327.000000'
TransferSyntaxUID:                       '1.2.840.10008.1.2.1'
VariableFlipAngleFlag:                   'N'
Width:                                   uint16(256)
xPatientName:                            'SCD0000301'
xSize:                                   uint16([256,256,1,1])


zFamilyName:                             'SCD0000301'
zPatientID:                              'SCD0000301'
zPatientSex:                             ''
zzKEY:                                   'SCD0000301'


zStudyDate:                              'Dec.31,2011'
zStudyDescription:                       'SC-HF-I-4'
zStudyInstanceUID:                       '2.16.124.113543.6006.99.7287180431222654512'
zStudyTime:                              '08:13:27.000'
zzKEY:                                   '2.16.124.113543.6006.99.7287180431222654512'




*** ellapsed time:  4.750372 seconds
*** DONE : 'Subject Data'  | 09/04/26 (15:37:36.094)   at   federico@cdt-vm:216511 (GLNXA64)

+++ MPP for '/home/federico/TORSO-MPP/data/sb301' ++++++++++++++++++++++++++++++
--------------------------------------------------------------------------------


*** MPP for '/home/federico/TORSO-MPP/data/sb301' ******************************
in: Select Heart Slices Sunnybrook  | 09/04/26 (15:37:37.256)   at   federico@cdt-vm:216511 (GLNXA64)

................................................................................



(in mpp_Select_Heart_Slices_Sunnybrook ) using option:                          REDO_LIST = true;

Loading   'HS'  from "/home/federico/TORSO-MPP/data/sb301/mpp/HS" ... error loading file
Loading   'DICOMs'  from "/home/federico/TORSO-MPP/data/sb301/mpp/DICOMs" ... OK.


(in mpp_Select_Heart_Slices_Sunnybrook ) using option:                          REDO_LIST = true;

Reading LIST  ("/home/federico/TORSO-MPP/data/sb301/HeartSlices.list") ... OK
Loading  "5.1.1"    ( 1 of 15)
Loading  "5.1.2"    ( 2 of 15)
Loading  "5.1.3"    ( 3 of 15)
Loading  "5.1.4"    ( 4 of 15)
Loading  "5.1.5"    ( 5 of 15)
Loading  "5.1.6"    ( 6 of 15)
Loading  "5.1.7"    ( 7 of 15)
Loading  "5.1.8"    ( 8 of 15)
Loading  "5.1.9"    ( 9 of 15)
Loading  "5.1.10"    (10 of 15)
Loading  "8.1.1"    (11 of 15)
Loading  "8.1.2"    (12 of 15)
Loading  "8.1.3"    (13 of 15)
Loading  "9.1.1"    (14 of 15)
Loading  "9.1.2"    (15 of 15)
saving variables:  'HS'    in file "/home/federico/TORSO-MPP/data/sb301/mpp/HS.mat" ... OK.



(in mpp_Select_Heart_Slices_Sunnybrook ) using option:          VERTICAL_FLIP_IN_MONTAGES = true;

*** ellapsed time:  14.730356 seconds


ERROR EXECUTING: Select Heart Slices Sunnybrook     for '/home/federico/TORSO-MPP/data/sb301'  at   09/04/26 (15:37:51.995)


^^^^^^^^^^^^^^^^^^^^^^^^^^^^^^^^^^^^^^^
Undefined function 'ndmat_mx' for input arguments of type 'double'.
Error in I3D/I3D_subsref (line 256)
          transform( ndmat_mx( I.X([1 end]) , I.Y([1 end]) , I.Z([1 end]) ) , I.SpatialTransform ) - ...
Error in indexing (line 3)
  [varargout{1:nargout}] = I3D_subsref( I , s );
Error in MontageHeartSlices (line 178)
      HS{r,1} = B.centerGrid;
Error in mpp_Select_Heart_Slices_Sunnybrook (line 251)
MontageHeartSlices( HS ); Figure(gcf);
Error in MPP_Torso_Contouring_main (line 44)
  mpp_Select_Heart_Slices_Sunnybrook               %output: HS.mat    (referring Heart Slices)  making use of "HeartSlices.list"
vvvvvvvvvvvvvvvvvvvvvvvvvvvvvvvvvvvvvvv

+++ MPP for '/home/federico/TORSO-MPP/data/sb301' ++++++++++++++++++++++++++++++
--------------------------------------------------------------------------------


*** MPP for '/home/federico/TORSO-MPP/data/sb301' ******************************
in: Get AllPosition Images Torso    | 09/04/26 (16:02:58.605)   at   federico@cdt-vm:216511 (GLNXA64)

................................................................................

Loading   'DICOMs'  from "/home/federico/TORSO-MPP/data/sb301/mpp/DICOMs.mat" ... OK.
Loading   'HS'  from "/home/federico/TORSO-MPP/data/sb301/mpp/HS" ... OK.
saving variables:  'BS'    in file "/home/federico/TORSO-MPP/data/sb301/mpp/BS.mat" ... OK.



*** ellapsed time:  11.564391 seconds
*** DONE : 'Get AllPosition Images Torso'  | 09/04/26 (16:03:10.188)   at   federico@cdt-vm:216511 (GLNXA64)

+++ MPP for '/home/federico/TORSO-MPP/data/sb301' ++++++++++++++++++++++++++++++
--------------------------------------------------------------------------------


*** MPP for '/home/federico/TORSO-MPP/data/sb301' ******************************
in: Segmented Contours Torso        | 09/04/26 (16:03:11.409)   at   federico@cdt-vm:216511 (GLNXA64)

................................................................................

Loading   'BS'  from "/home/federico/TORSO-MPP/data/sb301/mpp/BS" ... OK.
/home/federico/TORSO-MPP/.venvmpp/bin/python: can't open file '/home/federico/TORSO-MPP/MPP/PreTrained\torso_segmentor.py': [Errno 2] No such file or directory
*** ellapsed time:  1.754574 seconds


ERROR EXECUTING: Segmented Contours Torso     for '/home/federico/TORSO-MPP/data/sb301'  at   09/04/26 (16:03:13.166)


^^^^^^^^^^^^^^^^^^^^^^^^^^^^^^^^^^^^^^^
Error using get_full_filename')" style="font-weight:bold">imread>get_full_filename
File "/home/federico/TORSO-MPP/data/sb301/mpp/torso-segment/001.[005-CINESAX](-140.6).png" does not exist.
Error in imread (line 372)
        fullname = get_full_filename(filename);
Error in mpp_Segmented_Contours_Torso (line 34)
    seg = imread( fn ); seg = permute(seg,[2 1]);
Error in MPP_Torso_Contouring_main (line 47)
  mpp_Segmented_Contours_Torso                  %output: BC0.mat
vvvvvvvvvvvvvvvvvvvvvvvvvvvvvvvvvvvvvvv

+++ MPP for '/home/federico/TORSO-MPP/data/sb301' ++++++++++++++++++++++++++++++
--------------------------------------------------------------------------------


*** MPP for '/home/federico/TORSO-MPP/data/sb301' ******************************
in: Get AllPosition Images Torso    | 09/04/26 (16:13:03.428)   at   federico@cdt-vm:216511 (GLNXA64)

................................................................................

Loading   'DICOMs'  from "/home/federico/TORSO-MPP/data/sb301/mpp/DICOMs.mat" ... OK.
Loading   'HS'  from "/home/federico/TORSO-MPP/data/sb301/mpp/HS" ... OK.
saving variables:  'BS'    in file "/home/federico/TORSO-MPP/data/sb301/mpp/BS.mat" ... OK.



*** ellapsed time:  11.837736 seconds
*** DONE : 'Get AllPosition Images Torso'  | 09/04/26 (16:13:15.285)   at   federico@cdt-vm:216511 (GLNXA64)

+++ MPP for '/home/federico/TORSO-MPP/data/sb301' ++++++++++++++++++++++++++++++
--------------------------------------------------------------------------------


*** MPP for '/home/federico/TORSO-MPP/data/sb301' ******************************
in: Segmented Contours Torso        | 09/04/26 (16:13:16.507)   at   federico@cdt-vm:216511 (GLNXA64)

................................................................................

Loading   'BS'  from "/home/federico/TORSO-MPP/data/sb301/mpp/BS" ... OK.
/home/federico/TORSO-MPP/.venvmpp/lib/python3.8/site-packages/torch/nn/functional.py:1639: UserWarning: nn.functional.sigmoid is deprecated. Use torch.sigmoid instead.
  warnings.warn("nn.functional.sigmoid is deprecated. Use torch.sigmoid instead.")
*** ellapsed time:  13.298108 seconds


ERROR EXECUTING: Segmented Contours Torso     for '/home/federico/TORSO-MPP/data/sb301'  at   09/04/26 (16:13:29.809)


^^^^^^^^^^^^^^^^^^^^^^^^^^^^^^^^^^^^^^^
Undefined function 'val2ind' for input arguments of type 'double'.
Error in I3D/inpoly (line 24)
      ijk = [ val2ind( I.X , c(:,1) , 'sorted' ) , val2ind( I.Y , c(:,2) , 'sorted' ) , val2ind( I.Z , c(:,3) , 'sorted' ) ];
Error in I3D/I3D_subsref (line 1467)
         o = feval( s(1).subs , I , s(2).subs{:} , optional_args{:} );
Error in indexing (line 3)
  [varargout{1:nargout}] = I3D_subsref( I , s );
Error in mpp_Segmented_Contours_Torso (line 50)
          dummy{jj}(end+1,:) = [NaN, NaN, NaN]; mask = ~~S.inpoly(dummy{jj}); test(jj) = sum(mask(:)); clear mask;
Error in MPP_Torso_Contouring_main (line 47)
  mpp_Segmented_Contours_Torso                  %output: BC0.mat
vvvvvvvvvvvvvvvvvvvvvvvvvvvvvvvvvvvvvvv

+++ MPP for '/home/federico/TORSO-MPP/data/sb301' ++++++++++++++++++++++++++++++
--------------------------------------------------------------------------------


